"{\"Set\":{\"key\":\"one\",\"value\":\"two\"}}"